.next/types/app/(store)/blog/[id]/page.ts(34,29): error TS2344: Type '{ params: { id: string; }; }' does not satisfy the constraint 'PageProps'.
  Types of property 'params' are incompatible.
    Type '{ id: string; }' is missing the following properties from type 'Promise<any>': then, catch, finally, [Symbol.toStringTag]
app/admin/analytics/page.tsx(204,48): error TS2551: Property 'percentage' does not exist on type 'PieLabelRenderProps'. Did you mean 'percent'?
app/admin/analytics/page.tsx(210,28): error TS2322: Type '(value: number) => string' is not assignable to type 'Formatter<number, NameType> & ((value: number, name: NameType, item: Payload<number, NameType>, index: number, payload: Payload<number, NameType>[]) => ReactNode | [...])'.
  Type '(value: number) => string' is not assignable to type 'Formatter<number, NameType>'.
    Types of parameters 'value' and 'value' are incompatible.
      Type 'number | undefined' is not assignable to type 'number'.
        Type 'undefined' is not assignable to type 'number'.
app/admin/analytics/page.tsx(237,26): error TS2322: Type '(value: number) => string' is not assignable to type 'Formatter<number, NameType> & ((value: number, name: NameType, item: Payload<number, NameType>, index: number, payload: Payload<number, NameType>[]) => ReactNode | [...])'.
  Type '(value: number) => string' is not assignable to type 'Formatter<number, NameType>'.
    Types of parameters 'value' and 'value' are incompatible.
      Type 'number | undefined' is not assignable to type 'number'.
        Type 'undefined' is not assignable to type 'number'.
app/admin/modules/page.tsx(379,21): error TS2304: Cannot find name 'Module'.
app/admin/orders/[id]/OrderDetailClient.tsx(70,5): error TS1117: An object literal cannot have multiple properties with the same name.
app/admin/orders/[id]/OrderDetailClient.tsx(107,14): error TS2367: This comparison appears to be unintentional because the types '"medium"' and '"low"' have no overlap.
app/admin/orders/[id]/OrderDetailClient.tsx(146,51): error TS2339: Property 'method' does not exist on type 'number'.
app/admin/orders/[id]/OrderDetailClient.tsx(263,36): error TS2339: Property 'address' does not exist on type 'number'.
app/admin/orders/[id]/OrderDetailClient.tsx(264,36): error TS2339: Property 'city' does not exist on type 'number'.
app/admin/orders/[id]/OrderDetailClient.tsx(264,59): error TS2339: Property 'region' does not exist on type 'number'.
app/admin/orders/[id]/OrderDetailClient.tsx(265,36): error TS2339: Property 'postalCode' does not exist on type 'number'.
app/admin/orders/[id]/OrderDetailClient.tsx(266,62): error TS2339: Property 'country' does not exist on type 'number'.
app/admin/page.tsx(69,64): error TS2339: Property 'email' does not exist on type '{ total: any; status: any; created_at: any; }'.
components/admin/ProductForm.tsx(142,47): error TS7006: Parameter 'k' implicitly has an 'any' type.
components/PushNotificationManager.tsx(70,9): error TS2322: Type 'Uint8Array<ArrayBufferLike>' is not assignable to type 'string | BufferSource | null | undefined'.
  Type 'Uint8Array<ArrayBufferLike>' is not assignable to type 'ArrayBufferView<ArrayBuffer>'.
    Types of property 'buffer' are incompatible.
      Type 'ArrayBufferLike' is not assignable to type 'ArrayBuffer'.
        Type 'SharedArrayBuffer' is missing the following properties from type 'ArrayBuffer': resizable, resize, detached, transfer, transferToFixedLength
components/SEOHead.tsx(52,5): error TS2322: Type '{ title: string; description: string; images: { url: string; width: number; height: number; alt: string; }[]; type: "article" | "product" | "website"; siteName: string; locale: string; }' is not assignable to type 'OpenGraph | null | undefined'.
  Types of property 'type' are incompatible.
    Type '"article" | "product" | "website"' is not assignable to type '"article" | "website" | undefined'.
      Type '"product"' is not assignable to type '"article" | "website" | undefined'.
